Exception in thread Thread-108 (_readerthread):
Traceback (most recent call last):
  File "C:\Users\jomg2\AppData\Local\Programs\Python\Python310\lib\threading.py", line 1016, in _bootstrap_inner
    self.run()
  File "C:\Users\jomg2\AppData\Local\Programs\Python\Python310\lib\threading.py", line 953, in run
    self._target(*self._args, **self._kwargs)
  File "C:\Users\jomg2\AppData\Local\Programs\Python\Python310\lib\subprocess.py", line 1515, in _readerthread
    buffer.append(fh.read())
UnicodeDecodeError: 'cp949' codec can't decode byte 0xec in position 3186: illegal multibyte sequence
  FFmpeg: C:\Users\jomg2\AppData\Local\Programs\Python\Python310\lib\site-packages\imageio_ffmpeg\binaries\ffmpeg-win-x86_64-v7.1.exe

🎬🎬🎬🎬🎬🎬🎬🎬🎬🎬🎬🎬🎬🎬🎬🎬🎬🎬🎬🎬🎬🎬🎬🎬🎬🎬🎬🎬🎬🎬
  YouTube Shorts 팩토리 v4.3 'The Viral Machine'
  🔥 바이럴 전문 프롬프트 + 🎵 앰비언트 드론 + 📊 감정 태그 확장 + ⚡ 바이럴 가산점 정렬
🎬🎬🎬🎬🎬🎬🎬🎬🎬🎬🎬🎬🎬🎬🎬🎬🎬🎬🎬🎬🎬🎬🎬🎬🎬🎬🎬🎬🎬🎬

============================================================
🕷️  Stage 1: 크롤링 + 스크린샷
  소스: 디시 실시간베스트
============================================================
  🔗 목록 URL: https://gall.dcinside.com/board/lists/?id=dcbest
  📡 [1단계] 글 목록에서 개별 URL 추출 중...
  ✅ requests로 161개 URL 추출 (공지 제외)
     🔥 1순위: [야갤] 모텔 연쇄살인사건...카톡 공개 ㄹㅇ...jpg
  ✅ 1개 글 URL 추출 완료
     📄 https://gall.dcinside.com/board/view/?id=dcbest&no=405505&_dcbest=1&page=1
  📡 [2단계] 개별 글 크롤링 + 스크린샷...
  📖 [1/1] [야갤] 모텔 연쇄살인사건...카톡 공개 ㄹㅇ...jpg...
     ✅ requests 본문 확보 (3000자)
  🎨 텍스트 기반 스크린샷 생성 중...
  ✅ 1장 스크린샷 이미지 생성
  ✅ 1개 글 수집 완료! (본문 확인됨)
     📄 모텔 연쇄살인사건...카톡 공개 ㄹㅇ...jpg (3000자)

🎬🎬🎬🎬🎬🎬🎬🎬🎬🎬🎬🎬🎬🎬🎬🎬🎬🎬🎬🎬
  [1/1] 모텔 연쇄살인사건...카톡 공개 ㄹㅇ...jpg
🎬🎬🎬🎬🎬🎬🎬🎬🎬🎬🎬🎬🎬🎬🎬🎬🎬🎬🎬🎬

============================================================
📝 Stage 2: 대본 생성
  제목: 모텔 연쇄살인사건...카톡 공개 ㄹㅇ...jpg...
============================================================
  ✅ 대본 완료! (23.0초, 24문장)

============================================================
🔊 Stage 3: TTS 생성 (문장별 개별 모드 v4.2)
============================================================
  🎙️   [01] [neu|+5%/-1Hz] 배달 맛집 가자던 (2020ms)
  🎙️   [02] [ten|+12%/+1Hz] 여자의 정체는 (1750ms)
  🎙️ ⭐[03] [sho|-3%/+0Hz] 연쇄살인범이었습니다 (2760ms)
  🎙️   [04] [ser|+0%/-3Hz] 강북구에서 일어난 (2230ms)
  🎙️   [05] [ser|+0%/-3Hz] 모텔 연쇄살인사건 (2640ms)
  🎙️   [06] [ten|+12%/+1Hz] 카톡 내용이 (1420ms)
  🎙️ ⭐[07] [sho|-3%/+0Hz] 완전 소름돋거든요 (2450ms)
  🎙️   [08] [neu|+5%/-1Hz] 배달음식 먹으러 (1970ms)
  🎙️   [09] [ten|+12%/+1Hz] 모텔로 유인했는데 (2060ms)
  🎙️   [10] [whi|-8%/-5Hz] 음료에 뭔가를 (2040ms)
  🎙️ ⭐[11] [sho|-3%/+0Hz] 넣었던 거예요 (1750ms)
  🎙️   [12] [ser|+0%/-3Hz] 남성 두 명이 (1800ms)
  🎙️   [13] [ten|+12%/+1Hz] 음료 마시고 (1490ms)
  🎙️ ⭐[14] [sho|-3%/+0Hz] 그대로 사망했어요 (2160ms)
  🎙️   [15] [ser|+0%/-3Hz] 부검 결과에서 (1900ms)
  🎙️   [16] [sho|-3%/+0Hz] 다른 약물들도 (2110ms)
  🎙️ ⭐[17] [sho|-3%/+0Hz] 나왔다고 하네요 (1920ms)
  🎙️   [18] [ang|+8%/-3Hz] 경찰 방치 논란도 (2060ms)
  🎙️   [19] [ser|+0%/-3Hz] 심각한 상황이고 (2090ms)
  🎙️   [20] [exc|+15%/+4Hz] 댓글에서 난리남 (1870ms)
  🎙️ ⭐[21] [sho|-3%/+0Hz] 진짜 무서운 세상 (2280ms)
  🎙️   [22] [ser|+0%/-3Hz] 여러분도 조심하세요 (2420ms)
  🎙️   [23] [neu|+5%/-1Hz] 좋아요 눌러주시고 (2180ms)
  🎙️   [24] [war|-2%/-2Hz] 구독도 부탁드려요 (2210ms)

  ✅ TTS 완료: 24문장, 개별생성, 62.3초

============================================================
🎬 Stage 4: 영상 조립
  스크린샷: 1장
============================================================
  🎛️  Voice 마스터링...
  🎵 앰비언트 드론 BGM + Sidechain Ducking (-20dB)...
  ✅ BGM + Sidechain Ducking (-20dB) 완료
  🖼️  배경 이미지 처리 중 (3단 레이아웃)...
    🎨 AI 배경 생성: shocking revelation dark atmosphere...
    🎨 AI 배경 생성: creepy chat conversation...
    🎨 AI 배경 생성: drink with poison concept...
    🎨 AI 배경 3장 삽입 완료
  🖼️  1884프레임 렌더링 중...
  📊 렌더링 진행: 0%
  📊 렌더링 진행: 8%
  📊 렌더링 진행: 16%
  📊 렌더링 진행: 24%
  📊 렌더링 진행: 32%
  📊 렌더링 진행: 40%
  📊 렌더링 진행: 48%
  📊 렌더링 진행: 56%
  📊 렌더링 진행: 64%
  📊 렌더링 진행: 72%
  📊 렌더링 진행: 80%
  📊 렌더링 진행: 88%
  📊 렌더링 진행: 96%
  ✅ 프레임 렌더링 완료!
  🔧 FFmpeg 2-pass 인코딩 중...
  ✅ 영상 완성! ./output\shorts_모텔_연쇄살인범_카톡_공개___20260215_103740.mp4 (16.2MB)
  📋 upload_info.json 생성 완료

============================================================
📊 최종 리포트
============================================================
  ⏱️  소요시간: 2512.7초
  🎬 생성 영상: 1개
     📁 ./output\shorts_모텔_연쇄살인범_카톡_공개___20260215_103740.mp4 (16.2MB)
============================================================

🎉 완료!
